11008967 11008964 11008964 11008966 11008961 11008967 11008963
